Archive member included to satisfy reference by file (symbol)

/usr/lib/gcc/arm-none-eabi/8.3.1/../../../arm-none-eabi/lib/thumb/v6-m/nofp/libc_nano.a(lib_a-memset.o)
                              build/main.o (memset)
/usr/lib/gcc/arm-none-eabi/8.3.1/thumb/v6-m/nofp/libgcc.a(_udivsi3.o)
                              build/system_stm32f0xx.o (__aeabi_uidiv)
/usr/lib/gcc/arm-none-eabi/8.3.1/thumb/v6-m/nofp/libgcc.a(_divsi3.o)
                              build/system_stm32f0xx.o (__aeabi_idiv)
/usr/lib/gcc/arm-none-eabi/8.3.1/thumb/v6-m/nofp/libgcc.a(_dvmd_tls.o)
                              /usr/lib/gcc/arm-none-eabi/8.3.1/thumb/v6-m/nofp/libgcc.a(_udivsi3.o) (__aeabi_idiv0)

Memory Configuration

Name             Origin             Length             Attributes
RAM              0x0000000020000000 0x0000000000001800 xrw
ROM              0x0000000008000000 0x0000000000009000 xr
*default*        0x0000000000000000 0xffffffffffffffff

Linker script and memory map

LOAD build/startup.o
LOAD build/main.o
LOAD build/uart.o
LOAD build/system_stm32f0xx.o
LOAD build/stm32f0xx_it.o
LOAD build/stm32f0xx_hal_msp.o
LOAD build/stm32f0xx_hal.o
LOAD build/stm32f0xx_hal_can.o
LOAD build/stm32f0xx_hal_cortex.o
LOAD build/stm32f0xx_hal_gpio.o
LOAD build/stm32f0xx_hal_rcc.o
LOAD /usr/lib/gcc/arm-none-eabi/8.3.1/../../../arm-none-eabi/lib/thumb/v6-m/nofp/libm.a
LOAD /usr/lib/gcc/arm-none-eabi/8.3.1/../../../arm-none-eabi/lib/thumb/v6-m/nofp/libc_nano.a
LOAD /usr/lib/gcc/arm-none-eabi/8.3.1/thumb/v6-m/nofp/libgcc.a
LOAD /usr/lib/gcc/arm-none-eabi/8.3.1/../../../arm-none-eabi/lib/thumb/v6-m/nofp/libnosys.a
                0x0000000000000200                _Min_Heap_Size = 0x200
                0x0000000000000200                _Min_Stack_Size = 0x200

.isr_vectors    0x0000000008000000       0xc0
                0x0000000008000000                . = ALIGN (0x4)
 *(.isr_vectors)
 .isr_vectors   0x0000000008000000       0xc0 build/startup.o
                0x0000000008000000                vectors
 *(.isr_vectors)
                0x00000000080000c0                . = ALIGN (0x4)

.text           0x00000000080000c0     0x22e4
                0x00000000080000c0                . = ALIGN (0x4)
 *(.text)
 .text          0x00000000080000c0        0x0 build/startup.o
 .text          0x00000000080000c0        0x0 build/main.o
 .text          0x00000000080000c0        0x0 build/uart.o
 .text          0x00000000080000c0        0x0 build/system_stm32f0xx.o
 .text          0x00000000080000c0        0x0 build/stm32f0xx_it.o
 .text          0x00000000080000c0        0x0 build/stm32f0xx_hal_msp.o
 .text          0x00000000080000c0        0x0 build/stm32f0xx_hal.o
 .text          0x00000000080000c0        0x0 build/stm32f0xx_hal_can.o
 .text          0x00000000080000c0        0x0 build/stm32f0xx_hal_cortex.o
 .text          0x00000000080000c0        0x0 build/stm32f0xx_hal_gpio.o
 .text          0x00000000080000c0        0x0 build/stm32f0xx_hal_rcc.o
 .text          0x00000000080000c0       0xa8 /usr/lib/gcc/arm-none-eabi/8.3.1/../../../arm-none-eabi/lib/thumb/v6-m/nofp/libc_nano.a(lib_a-memset.o)
                0x00000000080000c0                memset
 .text          0x0000000008000168      0x114 /usr/lib/gcc/arm-none-eabi/8.3.1/thumb/v6-m/nofp/libgcc.a(_udivsi3.o)
                0x0000000008000168                __udivsi3
                0x0000000008000168                __aeabi_uidiv
                0x0000000008000274                __aeabi_uidivmod
 .text          0x000000000800027c      0x1d4 /usr/lib/gcc/arm-none-eabi/8.3.1/thumb/v6-m/nofp/libgcc.a(_divsi3.o)
                0x000000000800027c                __aeabi_idiv
                0x000000000800027c                __divsi3
                0x0000000008000448                __aeabi_idivmod
 .text          0x0000000008000450        0x4 /usr/lib/gcc/arm-none-eabi/8.3.1/thumb/v6-m/nofp/libgcc.a(_dvmd_tls.o)
                0x0000000008000450                __aeabi_ldiv0
                0x0000000008000450                __aeabi_idiv0
 *(.text*)
 .text.Default_Handler
                0x0000000008000454        0x4 build/startup.o
                0x0000000008000454                TIM1_CC_IRQHandler
                0x0000000008000454                TSC_IRQHandler
                0x0000000008000454                I2C1_IRQHandler
                0x0000000008000454                RCC_CRS_IRQHandler
                0x0000000008000454                SPI1_IRQHandler
                0x0000000008000454                EXTI2_3_IRQHandler
                0x0000000008000454                ADC1_IRQHandler
                0x0000000008000454                TIM17_IRQHandler
                0x0000000008000454                RTC_IRQHandler
                0x0000000008000454                PVD_VDDIO2_IRQHandler
                0x0000000008000454                TIM16_IRQHandler
                0x0000000008000454                TIM3_IRQHandler
                0x0000000008000454                EXTI4_15_IRQHandler
                0x0000000008000454                DMA1_Channel1_IRQHandler
                0x0000000008000454                Default_Handler
                0x0000000008000454                TIM14_IRQHandler
                0x0000000008000454                DMA1_Channel4_5_IRQHandler
                0x0000000008000454                EXTI0_1_IRQHandler
                0x0000000008000454                USB_IRQHandler
                0x0000000008000454                SPI2_IRQHandler
                0x0000000008000454                WWDG_IRQHandler
                0x0000000008000454                TIM2_IRQHandler
                0x0000000008000454                DMA1_Channel2_3_IRQHandler
                0x0000000008000454                FLASH_IRQHandler
                0x0000000008000454                USART1_IRQHandler
                0x0000000008000454                TIM1_BRK_UP_TRG_COM_IRQHandler
 .text.Reset_Handler
                0x0000000008000458       0x58 build/startup.o
                0x0000000008000458                Reset_Handler
 .text._Z5_initv
                0x00000000080004b0        0x4 build/startup.o
                0x00000000080004b0                _init()
 .text._Z5_finiv
                0x00000000080004b4        0x4 build/startup.o
                0x00000000080004b4                _fini()
 .text._Z17__libc_init_arrayv
                0x00000000080004b8       0x48 build/startup.o
                0x00000000080004b8                __libc_init_array()
 .text._Z17__libc_fini_arrayv
                0x0000000008000500       0x28 build/startup.o
                0x0000000008000500                __libc_fini_array()
 .text.HAL_CAN_RxFifo0MsgPendingCallback
                0x0000000008000528       0x28 build/main.o
                0x0000000008000528                HAL_CAN_RxFifo0MsgPendingCallback
 .text.HAL_CAN_ErrorCallback
                0x0000000008000550       0x28 build/main.o
                0x0000000008000550                HAL_CAN_ErrorCallback
 .text._Z18SystemClock_Configv
                0x0000000008000578       0x5c build/main.o
                0x0000000008000578                SystemClock_Config()
 .text.startup.main
                0x00000000080005d4      0x148 build/main.o
                0x00000000080005d4                main
 .text.Error_Handler
                0x000000000800071c        0x4 build/main.o
                0x000000000800071c                Error_Handler
 .text.startup._GLOBAL__sub_I_hcan
                0x0000000008000720       0x10 build/main.o
 .text._ZN4Uart8sendByteEh
                0x0000000008000730       0x14 build/uart.o
                0x0000000008000730                Uart::sendByte(unsigned char)
 .text._ZN4Uart7sendStrEPKc
                0x0000000008000744       0x24 build/uart.o
                0x0000000008000744                Uart::sendStr(char const*)
 .text._ZN4Uart4initEv
                0x0000000008000768       0x8c build/uart.o
                0x0000000008000768                Uart::init()
 .text._ZN4UartC2Ev
                0x00000000080007f4       0x18 build/uart.o
                0x00000000080007f4                Uart::Uart()
                0x00000000080007f4                Uart::Uart()
 .text.USART2_IRQHandler
                0x000000000800080c       0x1c build/uart.o
                0x000000000800080c                USART2_IRQHandler
 .text.SystemInit
                0x0000000008000828        0x4 build/system_stm32f0xx.o
                0x0000000008000828                SystemInit
 .text.SystemCoreClockUpdate
                0x000000000800082c       0x70 build/system_stm32f0xx.o
                0x000000000800082c                SystemCoreClockUpdate
 .text.NMI_Handler
                0x000000000800089c        0x4 build/stm32f0xx_it.o
                0x000000000800089c                NMI_Handler
 .text.HardFault_Handler
                0x00000000080008a0        0x4 build/stm32f0xx_it.o
                0x00000000080008a0                HardFault_Handler
 .text.SVC_Handler
                0x00000000080008a4        0x4 build/stm32f0xx_it.o
                0x00000000080008a4                SVC_Handler
 .text.PendSV_Handler
                0x00000000080008a8        0x4 build/stm32f0xx_it.o
                0x00000000080008a8                PendSV_Handler
 .text.SysTick_Handler
                0x00000000080008ac        0x8 build/stm32f0xx_it.o
                0x00000000080008ac                SysTick_Handler
 .text.CEC_CAN_IRQHandler
                0x00000000080008b4       0x10 build/stm32f0xx_it.o
                0x00000000080008b4                CEC_CAN_IRQHandler
 .text.HAL_MspInit
                0x00000000080008c4       0x3c build/stm32f0xx_hal_msp.o
                0x00000000080008c4                HAL_MspInit
 .text.HAL_CAN_MspInit
                0x0000000008000900       0xa8 build/stm32f0xx_hal_msp.o
                0x0000000008000900                HAL_CAN_MspInit
 .text.HAL_CAN_MspDeInit
                0x00000000080009a8       0x44 build/stm32f0xx_hal_msp.o
                0x00000000080009a8                HAL_CAN_MspDeInit
 .text.HAL_MspInit
                0x00000000080009ec        0x4 build/stm32f0xx_hal.o
 .text.HAL_MspDeInit
                0x00000000080009f0        0x4 build/stm32f0xx_hal.o
                0x00000000080009f0                HAL_MspDeInit
 .text.HAL_DeInit
                0x00000000080009f4       0x24 build/stm32f0xx_hal.o
                0x00000000080009f4                HAL_DeInit
 .text.HAL_InitTick
                0x0000000008000a18       0x48 build/stm32f0xx_hal.o
                0x0000000008000a18                HAL_InitTick
 .text.HAL_Init
                0x0000000008000a60       0x20 build/stm32f0xx_hal.o
                0x0000000008000a60                HAL_Init
 .text.HAL_IncTick
                0x0000000008000a80       0x18 build/stm32f0xx_hal.o
                0x0000000008000a80                HAL_IncTick
 .text.HAL_GetTick
                0x0000000008000a98        0xc build/stm32f0xx_hal.o
                0x0000000008000a98                HAL_GetTick
 .text.HAL_GetTickPrio
                0x0000000008000aa4        0xc build/stm32f0xx_hal.o
                0x0000000008000aa4                HAL_GetTickPrio
 .text.HAL_SetTickFreq
                0x0000000008000ab0       0x24 build/stm32f0xx_hal.o
                0x0000000008000ab0                HAL_SetTickFreq
 .text.HAL_GetTickFreq
                0x0000000008000ad4        0xc build/stm32f0xx_hal.o
                0x0000000008000ad4                HAL_GetTickFreq
 .text.HAL_Delay
                0x0000000008000ae0       0x24 build/stm32f0xx_hal.o
                0x0000000008000ae0                HAL_Delay
 .text.HAL_SuspendTick
                0x0000000008000b04       0x10 build/stm32f0xx_hal.o
                0x0000000008000b04                HAL_SuspendTick
 .text.HAL_ResumeTick
                0x0000000008000b14       0x10 build/stm32f0xx_hal.o
                0x0000000008000b14                HAL_ResumeTick
 .text.HAL_GetHalVersion
                0x0000000008000b24        0x8 build/stm32f0xx_hal.o
                0x0000000008000b24                HAL_GetHalVersion
 .text.HAL_GetREVID
                0x0000000008000b2c        0xc build/stm32f0xx_hal.o
                0x0000000008000b2c                HAL_GetREVID
 .text.HAL_GetDEVID
                0x0000000008000b38       0x10 build/stm32f0xx_hal.o
                0x0000000008000b38                HAL_GetDEVID
 .text.HAL_GetUIDw0
                0x0000000008000b48        0xc build/stm32f0xx_hal.o
                0x0000000008000b48                HAL_GetUIDw0
 .text.HAL_GetUIDw1
                0x0000000008000b54        0xc build/stm32f0xx_hal.o
                0x0000000008000b54                HAL_GetUIDw1
 .text.HAL_GetUIDw2
                0x0000000008000b60        0xc build/stm32f0xx_hal.o
                0x0000000008000b60                HAL_GetUIDw2
 .text.HAL_DBGMCU_EnableDBGStopMode
                0x0000000008000b6c       0x10 build/stm32f0xx_hal.o
                0x0000000008000b6c                HAL_DBGMCU_EnableDBGStopMode
 .text.HAL_DBGMCU_DisableDBGStopMode
                0x0000000008000b7c       0x10 build/stm32f0xx_hal.o
                0x0000000008000b7c                HAL_DBGMCU_DisableDBGStopMode
 .text.HAL_DBGMCU_EnableDBGStandbyMode
                0x0000000008000b8c       0x10 build/stm32f0xx_hal.o
                0x0000000008000b8c                HAL_DBGMCU_EnableDBGStandbyMode
 .text.HAL_DBGMCU_DisableDBGStandbyMode
                0x0000000008000b9c       0x10 build/stm32f0xx_hal.o
                0x0000000008000b9c                HAL_DBGMCU_DisableDBGStandbyMode
 .text.HAL_CAN_MspInit
                0x0000000008000bac        0x4 build/stm32f0xx_hal_can.o
 .text.HAL_CAN_Init
                0x0000000008000bb0      0x12c build/stm32f0xx_hal_can.o
                0x0000000008000bb0                HAL_CAN_Init
 .text.HAL_CAN_MspDeInit
                0x0000000008000cdc        0x4 build/stm32f0xx_hal_can.o
 .text.HAL_CAN_ConfigFilter
                0x0000000008000ce0       0xec build/stm32f0xx_hal_can.o
                0x0000000008000ce0                HAL_CAN_ConfigFilter
 .text.HAL_CAN_Start
                0x0000000008000dcc       0x60 build/stm32f0xx_hal_can.o
                0x0000000008000dcc                HAL_CAN_Start
 .text.HAL_CAN_Stop
                0x0000000008000e2c       0x64 build/stm32f0xx_hal_can.o
                0x0000000008000e2c                HAL_CAN_Stop
 .text.HAL_CAN_DeInit
                0x0000000008000e90       0x2c build/stm32f0xx_hal_can.o
                0x0000000008000e90                HAL_CAN_DeInit
 .text.HAL_CAN_RequestSleep
                0x0000000008000ebc       0x28 build/stm32f0xx_hal_can.o
                0x0000000008000ebc                HAL_CAN_RequestSleep
 .text.HAL_CAN_WakeUp
                0x0000000008000ee4       0x5c build/stm32f0xx_hal_can.o
                0x0000000008000ee4                HAL_CAN_WakeUp
 .text.HAL_CAN_IsSleepActive
                0x0000000008000f40       0x18 build/stm32f0xx_hal_can.o
                0x0000000008000f40                HAL_CAN_IsSleepActive
 .text.HAL_CAN_AddTxMessage
                0x0000000008000f58       0xd4 build/stm32f0xx_hal_can.o
                0x0000000008000f58                HAL_CAN_AddTxMessage
 .text.HAL_CAN_AbortTxRequest
                0x000000000800102c       0x50 build/stm32f0xx_hal_can.o
                0x000000000800102c                HAL_CAN_AbortTxRequest
 .text.HAL_CAN_GetTxMailboxesFreeLevel
                0x000000000800107c       0x28 build/stm32f0xx_hal_can.o
                0x000000000800107c                HAL_CAN_GetTxMailboxesFreeLevel
 .text.HAL_CAN_IsTxMessagePending
                0x00000000080010a4       0x20 build/stm32f0xx_hal_can.o
                0x00000000080010a4                HAL_CAN_IsTxMessagePending
 .text.HAL_CAN_GetTxTimestamp
                0x00000000080010c4       0x30 build/stm32f0xx_hal_can.o
                0x00000000080010c4                HAL_CAN_GetTxTimestamp
 .text.HAL_CAN_GetRxMessage
                0x00000000080010f4      0x12c build/stm32f0xx_hal_can.o
                0x00000000080010f4                HAL_CAN_GetRxMessage
 .text.HAL_CAN_GetRxFifoFillLevel
                0x0000000008001220       0x28 build/stm32f0xx_hal_can.o
                0x0000000008001220                HAL_CAN_GetRxFifoFillLevel
 .text.HAL_CAN_ActivateNotification
                0x0000000008001248       0x24 build/stm32f0xx_hal_can.o
                0x0000000008001248                HAL_CAN_ActivateNotification
 .text.HAL_CAN_DeactivateNotification
                0x000000000800126c       0x24 build/stm32f0xx_hal_can.o
                0x000000000800126c                HAL_CAN_DeactivateNotification
 .text.HAL_CAN_TxMailbox0CompleteCallback
                0x0000000008001290        0x4 build/stm32f0xx_hal_can.o
                0x0000000008001290                HAL_CAN_TxMailbox0CompleteCallback
 .text.HAL_CAN_TxMailbox1CompleteCallback
                0x0000000008001294        0x4 build/stm32f0xx_hal_can.o
                0x0000000008001294                HAL_CAN_TxMailbox1CompleteCallback
 .text.HAL_CAN_TxMailbox2CompleteCallback
                0x0000000008001298        0x4 build/stm32f0xx_hal_can.o
                0x0000000008001298                HAL_CAN_TxMailbox2CompleteCallback
 .text.HAL_CAN_TxMailbox0AbortCallback
                0x000000000800129c        0x4 build/stm32f0xx_hal_can.o
                0x000000000800129c                HAL_CAN_TxMailbox0AbortCallback
 .text.HAL_CAN_TxMailbox1AbortCallback
                0x00000000080012a0        0x4 build/stm32f0xx_hal_can.o
                0x00000000080012a0                HAL_CAN_TxMailbox1AbortCallback
 .text.HAL_CAN_TxMailbox2AbortCallback
                0x00000000080012a4        0x4 build/stm32f0xx_hal_can.o
                0x00000000080012a4                HAL_CAN_TxMailbox2AbortCallback
 .text.HAL_CAN_RxFifo0MsgPendingCallback
                0x00000000080012a8        0x4 build/stm32f0xx_hal_can.o
 .text.HAL_CAN_RxFifo0FullCallback
                0x00000000080012ac        0x4 build/stm32f0xx_hal_can.o
                0x00000000080012ac                HAL_CAN_RxFifo0FullCallback
 .text.HAL_CAN_RxFifo1MsgPendingCallback
                0x00000000080012b0        0x4 build/stm32f0xx_hal_can.o
                0x00000000080012b0                HAL_CAN_RxFifo1MsgPendingCallback
 .text.HAL_CAN_RxFifo1FullCallback
                0x00000000080012b4        0x4 build/stm32f0xx_hal_can.o
                0x00000000080012b4                HAL_CAN_RxFifo1FullCallback
 .text.HAL_CAN_SleepCallback
                0x00000000080012b8        0x4 build/stm32f0xx_hal_can.o
                0x00000000080012b8                HAL_CAN_SleepCallback
 .text.HAL_CAN_WakeUpFromRxMsgCallback
                0x00000000080012bc        0x4 build/stm32f0xx_hal_can.o
                0x00000000080012bc                HAL_CAN_WakeUpFromRxMsgCallback
 .text.HAL_CAN_ErrorCallback
                0x00000000080012c0        0x4 build/stm32f0xx_hal_can.o
 .text.HAL_CAN_IRQHandler
                0x00000000080012c4      0x254 build/stm32f0xx_hal_can.o
                0x00000000080012c4                HAL_CAN_IRQHandler
 .text.HAL_CAN_GetState
                0x0000000008001518       0x28 build/stm32f0xx_hal_can.o
                0x0000000008001518                HAL_CAN_GetState
 .text.HAL_CAN_GetError
                0x0000000008001540        0x4 build/stm32f0xx_hal_can.o
                0x0000000008001540                HAL_CAN_GetError
 .text.HAL_CAN_ResetError
                0x0000000008001544       0x20 build/stm32f0xx_hal_can.o
                0x0000000008001544                HAL_CAN_ResetError
 .text.HAL_NVIC_SetPriority
                0x0000000008001564       0x54 build/stm32f0xx_hal_cortex.o
                0x0000000008001564                HAL_NVIC_SetPriority
 .text.HAL_NVIC_EnableIRQ
                0x00000000080015b8       0x18 build/stm32f0xx_hal_cortex.o
                0x00000000080015b8                HAL_NVIC_EnableIRQ
 .text.HAL_NVIC_DisableIRQ
                0x00000000080015d0       0x20 build/stm32f0xx_hal_cortex.o
                0x00000000080015d0                HAL_NVIC_DisableIRQ
 .text.HAL_NVIC_SystemReset
                0x00000000080015f0       0x1c build/stm32f0xx_hal_cortex.o
                0x00000000080015f0                HAL_NVIC_SystemReset
 .text.HAL_SYSTICK_Config
                0x000000000800160c       0x38 build/stm32f0xx_hal_cortex.o
                0x000000000800160c                HAL_SYSTICK_Config
 .text.HAL_NVIC_GetPriority
                0x0000000008001644       0x44 build/stm32f0xx_hal_cortex.o
                0x0000000008001644                HAL_NVIC_GetPriority
 .text.HAL_NVIC_SetPendingIRQ
                0x0000000008001688       0x1c build/stm32f0xx_hal_cortex.o
                0x0000000008001688                HAL_NVIC_SetPendingIRQ
 .text.HAL_NVIC_GetPendingIRQ
                0x00000000080016a4       0x20 build/stm32f0xx_hal_cortex.o
                0x00000000080016a4                HAL_NVIC_GetPendingIRQ
 .text.HAL_NVIC_ClearPendingIRQ
                0x00000000080016c4       0x1c build/stm32f0xx_hal_cortex.o
                0x00000000080016c4                HAL_NVIC_ClearPendingIRQ
 .text.HAL_SYSTICK_CLKSourceConfig
                0x00000000080016e0       0x1c build/stm32f0xx_hal_cortex.o
                0x00000000080016e0                HAL_SYSTICK_CLKSourceConfig
 .text.HAL_SYSTICK_Callback
                0x00000000080016fc        0x4 build/stm32f0xx_hal_cortex.o
                0x00000000080016fc                HAL_SYSTICK_Callback
 .text.HAL_SYSTICK_IRQHandler
                0x0000000008001700        0x8 build/stm32f0xx_hal_cortex.o
                0x0000000008001700                HAL_SYSTICK_IRQHandler
 .text.HAL_GPIO_Init
                0x0000000008001708      0x1c4 build/stm32f0xx_hal_gpio.o
                0x0000000008001708                HAL_GPIO_Init
 .text.HAL_GPIO_DeInit
                0x00000000080018cc      0x100 build/stm32f0xx_hal_gpio.o
                0x00000000080018cc                HAL_GPIO_DeInit
 .text.HAL_GPIO_ReadPin
                0x00000000080019cc        0xc build/stm32f0xx_hal_gpio.o
                0x00000000080019cc                HAL_GPIO_ReadPin
 .text.HAL_GPIO_WritePin
                0x00000000080019d8        0xc build/stm32f0xx_hal_gpio.o
                0x00000000080019d8                HAL_GPIO_WritePin
 .text.HAL_GPIO_TogglePin
                0x00000000080019e4       0x10 build/stm32f0xx_hal_gpio.o
                0x00000000080019e4                HAL_GPIO_TogglePin
 .text.HAL_GPIO_LockPin
                0x00000000080019f4       0x28 build/stm32f0xx_hal_gpio.o
                0x00000000080019f4                HAL_GPIO_LockPin
 .text.HAL_GPIO_EXTI_Callback
                0x0000000008001a1c        0x4 build/stm32f0xx_hal_gpio.o
                0x0000000008001a1c                HAL_GPIO_EXTI_Callback
 .text.HAL_GPIO_EXTI_IRQHandler
                0x0000000008001a20       0x18 build/stm32f0xx_hal_gpio.o
                0x0000000008001a20                HAL_GPIO_EXTI_IRQHandler
 .text.HAL_RCC_DeInit
                0x0000000008001a38       0xc4 build/stm32f0xx_hal_rcc.o
                0x0000000008001a38                HAL_RCC_DeInit
 .text.HAL_RCC_OscConfig
                0x0000000008001afc      0x554 build/stm32f0xx_hal_rcc.o
                0x0000000008001afc                HAL_RCC_OscConfig
 .text.HAL_RCC_MCOConfig
                0x0000000008002050       0x54 build/stm32f0xx_hal_rcc.o
                0x0000000008002050                HAL_RCC_MCOConfig
 .text.HAL_RCC_EnableCSS
                0x00000000080020a4       0x14 build/stm32f0xx_hal_rcc.o
                0x00000000080020a4                HAL_RCC_EnableCSS
 .text.HAL_RCC_DisableCSS
                0x00000000080020b8       0x14 build/stm32f0xx_hal_rcc.o
                0x00000000080020b8                HAL_RCC_DisableCSS
 .text.HAL_RCC_GetSysClockFreq
                0x00000000080020cc       0x8c build/stm32f0xx_hal_rcc.o
                0x00000000080020cc                HAL_RCC_GetSysClockFreq
 .text.HAL_RCC_ClockConfig
                0x0000000008002158      0x128 build/stm32f0xx_hal_rcc.o
                0x0000000008002158                HAL_RCC_ClockConfig
 .text.HAL_RCC_GetHCLKFreq
                0x0000000008002280        0xc build/stm32f0xx_hal_rcc.o
                0x0000000008002280                HAL_RCC_GetHCLKFreq
 .text.HAL_RCC_GetPCLK1Freq
                0x000000000800228c       0x20 build/stm32f0xx_hal_rcc.o
                0x000000000800228c                HAL_RCC_GetPCLK1Freq
 .text.HAL_RCC_GetOscConfig
                0x00000000080022ac       0x9c build/stm32f0xx_hal_rcc.o
                0x00000000080022ac                HAL_RCC_GetOscConfig
 .text.HAL_RCC_GetClockConfig
                0x0000000008002348       0x38 build/stm32f0xx_hal_rcc.o
                0x0000000008002348                HAL_RCC_GetClockConfig
 .text.HAL_RCC_CSSCallback
                0x0000000008002380        0x4 build/stm32f0xx_hal_rcc.o
                0x0000000008002380                HAL_RCC_CSSCallback
 .text.HAL_RCC_NMI_IRQHandler
                0x0000000008002384       0x20 build/stm32f0xx_hal_rcc.o
                0x0000000008002384                HAL_RCC_NMI_IRQHandler
                0x00000000080023a4                . = ALIGN (0x4)

.vfp11_veneer   0x00000000080023a4        0x0
 .vfp11_veneer  0x00000000080023a4        0x0 linker stubs

.v4_bx          0x00000000080023a4        0x0
 .v4_bx         0x00000000080023a4        0x0 linker stubs

.iplt           0x00000000080023a4        0x0
 .iplt          0x00000000080023a4        0x0 build/startup.o

.rodata         0x00000000080023a4       0x3c
                0x00000000080023a4                . = ALIGN (0x4)
 *(.rodata)
 .rodata        0x00000000080023a4       0x18 build/system_stm32f0xx.o
                0x00000000080023a4                AHBPrescTable
                0x00000000080023b4                APBPrescTable
 .rodata        0x00000000080023bc       0x20 build/stm32f0xx_hal_rcc.o
 *(.rodata*)
 .rodata.str1.4
                0x00000000080023dc        0x4 build/main.o
 *(vtable)
 *(.glue_7)
 .glue_7        0x00000000080023e0        0x0 linker stubs
 *(.glue_7t)
 .glue_7t       0x00000000080023e0        0x0 linker stubs
                0x00000000080023e0                . = ALIGN (0x4)
 *(.init)
 *(.fini)
                0x00000000080023e0                . = ALIGN (0x4)
                0x00000000080023e0                _etext = .
                0x00000000080023e0                _sidata = LOADADDR (.data)

.rel.dyn        0x00000000080023e0        0x0
 .rel.iplt      0x00000000080023e0        0x0 build/startup.o
                0x00000000080023e0                . = ALIGN (0x8)

.stack          0x0000000020000000      0x200
                0x0000000020000000                . = ALIGN (0x8)
                0x0000000020000000                _stack_begin = .
                0x0000000020000200                _StackLimit = (_stack_begin + _Min_Stack_Size)
                0x0000000020000200                . = (. + _Min_Stack_Size)
 *fill*         0x0000000020000000      0x200 
                0x0000000020000200                _StackTop = .
                0x0000000020000200                . = ALIGN (0x8)
                0x0000000020000200                PROVIDE (_estack = _StackTop)

.data           0x0000000020000200        0xc load address 0x00000000080023e0
                0x0000000020000200                . = ALIGN (0x4)
                0x0000000020000200                _sdata = .
 *(.data)
 .data          0x0000000020000200        0x0 build/startup.o
 .data          0x0000000020000200        0x0 build/main.o
 .data          0x0000000020000200        0x0 build/uart.o
 .data          0x0000000020000200        0x4 build/system_stm32f0xx.o
                0x0000000020000200                SystemCoreClock
 .data          0x0000000020000204        0x0 build/stm32f0xx_it.o
 .data          0x0000000020000204        0x0 build/stm32f0xx_hal_msp.o
 .data          0x0000000020000204        0x8 build/stm32f0xx_hal.o
                0x0000000020000204                uwTickFreq
                0x0000000020000208                uwTickPrio
 .data          0x000000002000020c        0x0 build/stm32f0xx_hal_can.o
 .data          0x000000002000020c        0x0 build/stm32f0xx_hal_cortex.o
 .data          0x000000002000020c        0x0 build/stm32f0xx_hal_gpio.o
 .data          0x000000002000020c        0x0 build/stm32f0xx_hal_rcc.o
 .data          0x000000002000020c        0x0 /usr/lib/gcc/arm-none-eabi/8.3.1/../../../arm-none-eabi/lib/thumb/v6-m/nofp/libc_nano.a(lib_a-memset.o)
 .data          0x000000002000020c        0x0 /usr/lib/gcc/arm-none-eabi/8.3.1/thumb/v6-m/nofp/libgcc.a(_udivsi3.o)
 .data          0x000000002000020c        0x0 /usr/lib/gcc/arm-none-eabi/8.3.1/thumb/v6-m/nofp/libgcc.a(_divsi3.o)
 .data          0x000000002000020c        0x0 /usr/lib/gcc/arm-none-eabi/8.3.1/thumb/v6-m/nofp/libgcc.a(_dvmd_tls.o)
 *(.data*)
                0x000000002000020c                _edata = .

.igot.plt       0x000000002000020c        0x0 load address 0x00000000080023ec
 .igot.plt      0x000000002000020c        0x0 build/startup.o

.init_array     0x000000002000020c        0x4 load address 0x00000000080023ec
 .init_array    0x000000002000020c        0x4 build/main.o
                0x0000000020000210                . = ALIGN (0x4)

.bss            0x0000000020000210       0x7c load address 0x00000000080023f0
                0x0000000020000210                _sbss = .
                0x0000000020000210                __bss_start__ = _sbss
 *(.bss)
 .bss           0x0000000020000210        0x0 build/startup.o
 .bss           0x0000000020000210       0x74 build/main.o
                0x0000000020000210                RxData
                0x0000000020000218                RxHeader
                0x0000000020000234                uart
                0x0000000020000238                hcan
                0x0000000020000260                TxHeader
                0x0000000020000278                TxData
                0x0000000020000280                TxMailbox
 .bss           0x0000000020000284        0x4 build/uart.o
                0x0000000020000284                Uart::pThis
 .bss           0x0000000020000288        0x0 build/system_stm32f0xx.o
 .bss           0x0000000020000288        0x0 build/stm32f0xx_it.o
 .bss           0x0000000020000288        0x0 build/stm32f0xx_hal_msp.o
 .bss           0x0000000020000288        0x4 build/stm32f0xx_hal.o
                0x0000000020000288                uwTick
 .bss           0x000000002000028c        0x0 build/stm32f0xx_hal_can.o
 .bss           0x000000002000028c        0x0 build/stm32f0xx_hal_cortex.o
 .bss           0x000000002000028c        0x0 build/stm32f0xx_hal_gpio.o
 .bss           0x000000002000028c        0x0 build/stm32f0xx_hal_rcc.o
 .bss           0x000000002000028c        0x0 /usr/lib/gcc/arm-none-eabi/8.3.1/../../../arm-none-eabi/lib/thumb/v6-m/nofp/libc_nano.a(lib_a-memset.o)
 .bss           0x000000002000028c        0x0 /usr/lib/gcc/arm-none-eabi/8.3.1/thumb/v6-m/nofp/libgcc.a(_udivsi3.o)
 .bss           0x000000002000028c        0x0 /usr/lib/gcc/arm-none-eabi/8.3.1/thumb/v6-m/nofp/libgcc.a(_divsi3.o)
 .bss           0x000000002000028c        0x0 /usr/lib/gcc/arm-none-eabi/8.3.1/thumb/v6-m/nofp/libgcc.a(_dvmd_tls.o)
 *(.bss*)
 *(COMMON)
                0x000000002000028c                . = ALIGN (0x4)
                0x000000002000028c                _ebss = .
                0x000000002000028c                __bss_end__ = _ebss

.heap           0x000000002000028c      0x200 load address 0x00000000080023f0
                0x000000002000028c                . = ALIGN (0x4)
                0x000000002000028c                _heap_start = __bss_end__
                [!provide]                        PROVIDE (end = .)
                0x000000002000048c                _heap_limit = (_heap_start + _Min_Heap_Size)
                0x000000002000048c                . = (. + _Min_Heap_Size)
 *fill*         0x000000002000028c      0x200 
                [!provide]                        PROVIDE (_heap_end = .)
OUTPUT(build/main.elf elf32-littlearm)
LOAD linker stubs

.debug_info     0x0000000000000000     0x8656
 .debug_info    0x0000000000000000      0x21e build/startup.o
 .debug_info    0x000000000000021e     0x12e2 build/main.o
 .debug_info    0x0000000000001500      0x81d build/uart.o
 .debug_info    0x0000000000001d1d      0x2df build/system_stm32f0xx.o
 .debug_info    0x0000000000001ffc      0x82c build/stm32f0xx_it.o
 .debug_info    0x0000000000002828      0xccd build/stm32f0xx_hal_msp.o
 .debug_info    0x00000000000034f5      0xab2 build/stm32f0xx_hal.o
 .debug_info    0x0000000000003fa7     0x14c6 build/stm32f0xx_hal_can.o
 .debug_info    0x000000000000546d      0xbaa build/stm32f0xx_hal_cortex.o
 .debug_info    0x0000000000006017      0x97c build/stm32f0xx_hal_gpio.o
 .debug_info    0x0000000000006993      0xd30 build/stm32f0xx_hal_rcc.o
 .debug_info    0x00000000000076c3      0xf21 /usr/lib/gcc/arm-none-eabi/8.3.1/../../../arm-none-eabi/lib/thumb/v6-m/nofp/libc_nano.a(lib_a-memset.o)
 .debug_info    0x00000000000085e4       0x26 /usr/lib/gcc/arm-none-eabi/8.3.1/thumb/v6-m/nofp/libgcc.a(_udivsi3.o)
 .debug_info    0x000000000000860a       0x26 /usr/lib/gcc/arm-none-eabi/8.3.1/thumb/v6-m/nofp/libgcc.a(_divsi3.o)
 .debug_info    0x0000000000008630       0x26 /usr/lib/gcc/arm-none-eabi/8.3.1/thumb/v6-m/nofp/libgcc.a(_dvmd_tls.o)

.debug_abbrev   0x0000000000000000     0x1e73
 .debug_abbrev  0x0000000000000000      0x158 build/startup.o
 .debug_abbrev  0x0000000000000158      0x43b build/main.o
 .debug_abbrev  0x0000000000000593      0x2e6 build/uart.o
 .debug_abbrev  0x0000000000000879      0x13e build/system_stm32f0xx.o
 .debug_abbrev  0x00000000000009b7      0x1ea build/stm32f0xx_it.o
 .debug_abbrev  0x0000000000000ba1      0x25b build/stm32f0xx_hal_msp.o
 .debug_abbrev  0x0000000000000dfc      0x2f8 build/stm32f0xx_hal.o
 .debug_abbrev  0x00000000000010f4      0x314 build/stm32f0xx_hal_can.o
 .debug_abbrev  0x0000000000001408      0x2e9 build/stm32f0xx_hal_cortex.o
 .debug_abbrev  0x00000000000016f1      0x272 build/stm32f0xx_hal_gpio.o
 .debug_abbrev  0x0000000000001963      0x2fb build/stm32f0xx_hal_rcc.o
 .debug_abbrev  0x0000000000001c5e      0x1d9 /usr/lib/gcc/arm-none-eabi/8.3.1/../../../arm-none-eabi/lib/thumb/v6-m/nofp/libc_nano.a(lib_a-memset.o)
 .debug_abbrev  0x0000000000001e37       0x14 /usr/lib/gcc/arm-none-eabi/8.3.1/thumb/v6-m/nofp/libgcc.a(_udivsi3.o)
 .debug_abbrev  0x0000000000001e4b       0x14 /usr/lib/gcc/arm-none-eabi/8.3.1/thumb/v6-m/nofp/libgcc.a(_divsi3.o)
 .debug_abbrev  0x0000000000001e5f       0x14 /usr/lib/gcc/arm-none-eabi/8.3.1/thumb/v6-m/nofp/libgcc.a(_dvmd_tls.o)

.debug_loc      0x0000000000000000     0x27e1
 .debug_loc     0x0000000000000000       0xe6 build/startup.o
 .debug_loc     0x00000000000000e6      0x120 build/main.o
 .debug_loc     0x0000000000000206      0x128 build/uart.o
 .debug_loc     0x000000000000032e      0x11f build/system_stm32f0xx.o
 .debug_loc     0x000000000000044d       0x91 build/stm32f0xx_hal_msp.o
 .debug_loc     0x00000000000004de      0x135 build/stm32f0xx_hal.o
 .debug_loc     0x0000000000000613     0x1064 build/stm32f0xx_hal_can.o
 .debug_loc     0x0000000000001677      0x488 build/stm32f0xx_hal_cortex.o
 .debug_loc     0x0000000000001aff      0x4cc build/stm32f0xx_hal_gpio.o
 .debug_loc     0x0000000000001fcb      0x537 build/stm32f0xx_hal_rcc.o
 .debug_loc     0x0000000000002502      0x2df /usr/lib/gcc/arm-none-eabi/8.3.1/../../../arm-none-eabi/lib/thumb/v6-m/nofp/libc_nano.a(lib_a-memset.o)

.debug_aranges  0x0000000000000000      0x4c0
 .debug_aranges
                0x0000000000000000       0x40 build/startup.o
 .debug_aranges
                0x0000000000000040       0x48 build/main.o
 .debug_aranges
                0x0000000000000088       0x40 build/uart.o
 .debug_aranges
                0x00000000000000c8       0x28 build/system_stm32f0xx.o
 .debug_aranges
                0x00000000000000f0       0x40 build/stm32f0xx_it.o
 .debug_aranges
                0x0000000000000130       0x30 build/stm32f0xx_hal_msp.o
 .debug_aranges
                0x0000000000000160       0xc8 build/stm32f0xx_hal.o
 .debug_aranges
                0x0000000000000228       0xc8 build/stm32f0xx_hal_can.o
 .debug_aranges
                0x00000000000002f0       0x78 build/stm32f0xx_hal_cortex.o
 .debug_aranges
                0x0000000000000368       0x58 build/stm32f0xx_hal_gpio.o
 .debug_aranges
                0x00000000000003c0       0x80 build/stm32f0xx_hal_rcc.o
 .debug_aranges
                0x0000000000000440       0x20 /usr/lib/gcc/arm-none-eabi/8.3.1/../../../arm-none-eabi/lib/thumb/v6-m/nofp/libc_nano.a(lib_a-memset.o)
 .debug_aranges
                0x0000000000000460       0x20 /usr/lib/gcc/arm-none-eabi/8.3.1/thumb/v6-m/nofp/libgcc.a(_udivsi3.o)
 .debug_aranges
                0x0000000000000480       0x20 /usr/lib/gcc/arm-none-eabi/8.3.1/thumb/v6-m/nofp/libgcc.a(_divsi3.o)
 .debug_aranges
                0x00000000000004a0       0x20 /usr/lib/gcc/arm-none-eabi/8.3.1/thumb/v6-m/nofp/libgcc.a(_dvmd_tls.o)

.debug_ranges   0x0000000000000000      0x750
 .debug_ranges  0x0000000000000000       0x30 build/startup.o
 .debug_ranges  0x0000000000000030      0x1d0 build/main.o
 .debug_ranges  0x0000000000000200       0x48 build/uart.o
 .debug_ranges  0x0000000000000248       0x18 build/system_stm32f0xx.o
 .debug_ranges  0x0000000000000260       0x30 build/stm32f0xx_it.o
 .debug_ranges  0x0000000000000290       0xe8 build/stm32f0xx_hal_msp.o
 .debug_ranges  0x0000000000000378       0xb8 build/stm32f0xx_hal.o
 .debug_ranges  0x0000000000000430       0xb8 build/stm32f0xx_hal_can.o
 .debug_ranges  0x00000000000004e8      0x118 build/stm32f0xx_hal_cortex.o
 .debug_ranges  0x0000000000000600       0x80 build/stm32f0xx_hal_gpio.o
 .debug_ranges  0x0000000000000680       0xd0 build/stm32f0xx_hal_rcc.o

.debug_line     0x0000000000000000     0x41ac
 .debug_line    0x0000000000000000      0x1c5 build/startup.o
 .debug_line    0x00000000000001c5      0x568 build/main.o
 .debug_line    0x000000000000072d      0x250 build/uart.o
 .debug_line    0x000000000000097d      0x16c build/system_stm32f0xx.o
 .debug_line    0x0000000000000ae9      0x1e5 build/stm32f0xx_it.o
 .debug_line    0x0000000000000cce      0x309 build/stm32f0xx_hal_msp.o
 .debug_line    0x0000000000000fd7      0x513 build/stm32f0xx_hal.o
 .debug_line    0x00000000000014ea      0xf8d build/stm32f0xx_hal_can.o
 .debug_line    0x0000000000002477      0x507 build/stm32f0xx_hal_cortex.o
 .debug_line    0x000000000000297e      0x71c build/stm32f0xx_hal_gpio.o
 .debug_line    0x000000000000309a      0xd52 build/stm32f0xx_hal_rcc.o
 .debug_line    0x0000000000003dec      0x281 /usr/lib/gcc/arm-none-eabi/8.3.1/../../../arm-none-eabi/lib/thumb/v6-m/nofp/libc_nano.a(lib_a-memset.o)
 .debug_line    0x000000000000406d       0x6c /usr/lib/gcc/arm-none-eabi/8.3.1/thumb/v6-m/nofp/libgcc.a(_udivsi3.o)
 .debug_line    0x00000000000040d9       0x73 /usr/lib/gcc/arm-none-eabi/8.3.1/thumb/v6-m/nofp/libgcc.a(_divsi3.o)
 .debug_line    0x000000000000414c       0x60 /usr/lib/gcc/arm-none-eabi/8.3.1/thumb/v6-m/nofp/libgcc.a(_dvmd_tls.o)

.debug_str      0x0000000000000000     0x2286
 .debug_str     0x0000000000000000      0x25b build/startup.o
                                        0x26e (size before relaxing)
 .debug_str     0x000000000000025b      0x9f3 build/main.o
                                        0xd63 (size before relaxing)
 .debug_str     0x0000000000000c4e      0x266 build/uart.o
                                        0x604 (size before relaxing)
 .debug_str     0x0000000000000eb4       0x59 build/system_stm32f0xx.o
                                        0x2f6 (size before relaxing)
 .debug_str     0x0000000000000f0d       0x90 build/stm32f0xx_it.o
                                        0x786 (size before relaxing)
 .debug_str     0x0000000000000f9d      0x101 build/stm32f0xx_hal_msp.o
                                        0xa8c (size before relaxing)
 .debug_str     0x000000000000109e      0x208 build/stm32f0xx_hal.o
                                        0x929 (size before relaxing)
 .debug_str     0x00000000000012a6      0x347 build/stm32f0xx_hal_can.o
                                        0xd2a (size before relaxing)
 .debug_str     0x00000000000015ed      0x1ce build/stm32f0xx_hal_cortex.o
                                        0x852 (size before relaxing)
 .debug_str     0x00000000000017bb       0xfa build/stm32f0xx_hal_gpio.o
                                        0x686 (size before relaxing)
 .debug_str     0x00000000000018b5      0x1a8 build/stm32f0xx_hal_rcc.o
                                        0x8c1 (size before relaxing)
 .debug_str     0x0000000000001a5d      0x786 /usr/lib/gcc/arm-none-eabi/8.3.1/../../../arm-none-eabi/lib/thumb/v6-m/nofp/libc_nano.a(lib_a-memset.o)
                                        0x908 (size before relaxing)
 .debug_str     0x00000000000021e3       0xa3 /usr/lib/gcc/arm-none-eabi/8.3.1/thumb/v6-m/nofp/libgcc.a(_udivsi3.o)
 .debug_str     0x0000000000002286       0xa3 /usr/lib/gcc/arm-none-eabi/8.3.1/thumb/v6-m/nofp/libgcc.a(_divsi3.o)
 .debug_str     0x0000000000002286       0xa3 /usr/lib/gcc/arm-none-eabi/8.3.1/thumb/v6-m/nofp/libgcc.a(_dvmd_tls.o)

.comment        0x0000000000000000       0x9f
 .comment       0x0000000000000000       0x51 build/startup.o
                                         0x52 (size before relaxing)
 .comment       0x0000000000000051       0x52 build/main.o
 .comment       0x0000000000000051       0x52 build/uart.o
 .comment       0x0000000000000051       0x52 build/system_stm32f0xx.o
 .comment       0x0000000000000051       0x52 build/stm32f0xx_it.o
 .comment       0x0000000000000051       0x52 build/stm32f0xx_hal_msp.o
 .comment       0x0000000000000051       0x52 build/stm32f0xx_hal.o
 .comment       0x0000000000000051       0x52 build/stm32f0xx_hal_can.o
 .comment       0x0000000000000051       0x52 build/stm32f0xx_hal_cortex.o
 .comment       0x0000000000000051       0x52 build/stm32f0xx_hal_gpio.o
 .comment       0x0000000000000051       0x52 build/stm32f0xx_hal_rcc.o
 .comment       0x0000000000000051       0x4e /usr/lib/gcc/arm-none-eabi/8.3.1/../../../arm-none-eabi/lib/thumb/v6-m/nofp/libc_nano.a(lib_a-memset.o)
                                         0x4f (size before relaxing)

.ARM.attributes
                0x0000000000000000       0x2c
 .ARM.attributes
                0x0000000000000000       0x2b build/startup.o
 .ARM.attributes
                0x000000000000002b       0x2b build/main.o
 .ARM.attributes
                0x0000000000000056       0x2b build/uart.o
 .ARM.attributes
                0x0000000000000081       0x2b build/system_stm32f0xx.o
 .ARM.attributes
                0x00000000000000ac       0x2b build/stm32f0xx_it.o
 .ARM.attributes
                0x00000000000000d7       0x2b build/stm32f0xx_hal_msp.o
 .ARM.attributes
                0x0000000000000102       0x2b build/stm32f0xx_hal.o
 .ARM.attributes
                0x000000000000012d       0x2b build/stm32f0xx_hal_can.o
 .ARM.attributes
                0x0000000000000158       0x2b build/stm32f0xx_hal_cortex.o
 .ARM.attributes
                0x0000000000000183       0x2b build/stm32f0xx_hal_gpio.o
 .ARM.attributes
                0x00000000000001ae       0x2b build/stm32f0xx_hal_rcc.o
 .ARM.attributes
                0x00000000000001d9       0x2c /usr/lib/gcc/arm-none-eabi/8.3.1/../../../arm-none-eabi/lib/thumb/v6-m/nofp/libc_nano.a(lib_a-memset.o)
 .ARM.attributes
                0x0000000000000205       0x1e /usr/lib/gcc/arm-none-eabi/8.3.1/thumb/v6-m/nofp/libgcc.a(_udivsi3.o)
 .ARM.attributes
                0x0000000000000223       0x1e /usr/lib/gcc/arm-none-eabi/8.3.1/thumb/v6-m/nofp/libgcc.a(_divsi3.o)
 .ARM.attributes
                0x0000000000000241       0x1e /usr/lib/gcc/arm-none-eabi/8.3.1/thumb/v6-m/nofp/libgcc.a(_dvmd_tls.o)

.debug_frame    0x0000000000000000      0xacc
 .debug_frame   0x0000000000000000       0x88 build/startup.o
 .debug_frame   0x0000000000000088       0xb0 build/main.o
 .debug_frame   0x0000000000000138       0x78 build/uart.o
 .debug_frame   0x00000000000001b0       0x3c build/system_stm32f0xx.o
 .debug_frame   0x00000000000001ec       0x80 build/stm32f0xx_it.o
 .debug_frame   0x000000000000026c       0x5c build/stm32f0xx_hal_msp.o
 .debug_frame   0x00000000000002c8      0x1b4 build/stm32f0xx_hal.o
 .debug_frame   0x000000000000047c      0x2dc build/stm32f0xx_hal_can.o
 .debug_frame   0x0000000000000758       0xe0 build/stm32f0xx_hal_cortex.o
 .debug_frame   0x0000000000000838       0xd4 build/stm32f0xx_hal_gpio.o
 .debug_frame   0x000000000000090c      0x150 build/stm32f0xx_hal_rcc.o
 .debug_frame   0x0000000000000a5c       0x30 /usr/lib/gcc/arm-none-eabi/8.3.1/../../../arm-none-eabi/lib/thumb/v6-m/nofp/libc_nano.a(lib_a-memset.o)
 .debug_frame   0x0000000000000a8c       0x20 /usr/lib/gcc/arm-none-eabi/8.3.1/thumb/v6-m/nofp/libgcc.a(_udivsi3.o)
 .debug_frame   0x0000000000000aac       0x20 /usr/lib/gcc/arm-none-eabi/8.3.1/thumb/v6-m/nofp/libgcc.a(_divsi3.o)
